(---------------------------------------------------------------------)
(                                                                     )
(    ARTWORK LOG                                                      )
(                                                                     )
(    Drawing          : pci11414_kevin flores.brd                     )
(    Software Version : 25.1S020                                      )
(    Date/Time        : Tue May 12 05:48:14 2026                      )
(                                                                     )
(---------------------------------------------------------------------)


 ---- Photoplot outline rectangle not found; using drawing extents.



Results from parameter file ...
    DEVICE-TYPE           GERBER_RS274X
    OUTPUT-UNITS          MM
    FILM-SIZE             2400000 1600000
    FORMAT                2.5
    ABORT-ON-ERROR        NO
    SCALE                 1
    SUPPRESS-LEAD-ZEROES  YES
    SUPPRESS-TRAIL-ZEROES NO
    SUPPRESS-EQUAL        YES
    UNDEF-APT-CONT        NO



================================================================
     PROCESSING FILM < TOP >
     TO FILE < c:/users/kevin/desktop/carpetas/archivos de la u/clases/7mo semestre/electronica 2 victor/pcie11414_kevinflores/pci11414_kevin flores/allegro/TOP.art > ...
================================================================

  FILM PARAMETERS :
  ---------------------------------------------------------
  Undefined line width                0.0000
  Mirror code                         NONE
  Rotate angle                        NONE
  Offset x:                           0.0000
  Offset y:                           0.0000
  Plot negative                       NO
  Suppress unconnected internal pads  NO
  Draw holes only                     NO



  APERTURES USED:  NONE
     TOP created.


================================================================
     PROCESSING FILM < BOTTOM >
     TO FILE < c:/users/kevin/desktop/carpetas/archivos de la u/clases/7mo semestre/electronica 2 victor/pcie11414_kevinflores/pci11414_kevin flores/allegro/BOTTOM.art > ...
================================================================

  FILM PARAMETERS :
  ---------------------------------------------------------
  Undefined line width                0.0000
  Mirror code                         NONE
  Rotate angle                        NONE
  Offset x:                           0.0000
  Offset y:                           0.0000
  Plot negative                       NO
  Suppress unconnected internal pads  NO
  Draw holes only                     NO



  APERTURES USED:  NONE
     BOTTOM created.


------------------------------------------------------
 SUMMARY:
        TOP created.
        BOTTOM created.

 ARTWORK finished
